--------------------------------------------------------------------------------
Release 14.7 Trace  (nt64)
Copyright (c) 1995-2013 Xilinx, Inc.  All rights reserved.

C:\Xilinx\14.7\ISE_DS\ISE\bin\nt64\unwrapped\trce.exe -intstyle ise -v 3 -s 3
-n 3 -fastpaths -xml ALU.twx ALU.ncd -o ALU.twr ALU.pcf

Design file:              ALU.ncd
Physical constraint file: ALU.pcf
Device,package,speed:     xc6slx75,csg484,C,-3 (PRODUCTION 1.23 2013-10-13)
Report level:             verbose report

Environment Variable      Effect 
--------------------      ------ 
NONE                      No environment variables were set
--------------------------------------------------------------------------------

INFO:Timing:2698 - No timing constraints found, doing default enumeration.
INFO:Timing:3412 - To improve timing, see the Timing Closure User Guide (UG612).
INFO:Timing:2752 - To get complete path coverage, use the unconstrained paths 
   option. All paths that are not constrained will be reported in the 
   unconstrained paths section(s) of the report.
INFO:Timing:3339 - The clock-to-out numbers in this timing report are based on 
   a 50 Ohm transmission line loading model.  For the details of this model, 
   and for more information on accounting for different loading conditions, 
   please see the device datasheet.



Data Sheet report:
-----------------
All values displayed in nanoseconds (ns)

Setup/Hold to clock clk
-----------------------+------------+------------+------------+------------+------------------+--------+
                       |Max Setup to|  Process   |Max Hold to |  Process   |                  | Clock  |
Source                 | clk (edge) |   Corner   | clk (edge) |   Corner   |Internal Clock(s) | Phase  |
-----------------------+------------+------------+------------+------------+------------------+--------+
A<0>                   |    7.767(R)|      SLOW  |   -4.059(R)|      FAST  |clk_BUFGP         |   0.000|
A<1>                   |    7.553(R)|      SLOW  |   -3.432(R)|      FAST  |clk_BUFGP         |   0.000|
A<2>                   |    8.225(R)|      SLOW  |   -4.137(R)|      FAST  |clk_BUFGP         |   0.000|
A<3>                   |    7.815(R)|      SLOW  |   -3.174(R)|      FAST  |clk_BUFGP         |   0.000|
A<4>                   |    7.012(R)|      SLOW  |   -2.921(R)|      FAST  |clk_BUFGP         |   0.000|
A<5>                   |    6.766(R)|      SLOW  |   -3.609(R)|      FAST  |clk_BUFGP         |   0.000|
A<6>                   |    7.478(R)|      SLOW  |   -2.680(R)|      FAST  |clk_BUFGP         |   0.000|
A<7>                   |    7.374(R)|      SLOW  |   -3.675(R)|      FAST  |clk_BUFGP         |   0.000|
A<8>                   |    6.934(R)|      SLOW  |   -3.539(R)|      FAST  |clk_BUFGP         |   0.000|
A<9>                   |    7.251(R)|      SLOW  |   -3.509(R)|      FAST  |clk_BUFGP         |   0.000|
A<10>                  |    7.033(R)|      SLOW  |   -3.568(R)|      FAST  |clk_BUFGP         |   0.000|
A<11>                  |    6.054(R)|      SLOW  |   -2.831(R)|      FAST  |clk_BUFGP         |   0.000|
A<12>                  |    7.197(R)|      SLOW  |   -3.477(R)|      FAST  |clk_BUFGP         |   0.000|
A<13>                  |    6.286(R)|      SLOW  |   -2.834(R)|      FAST  |clk_BUFGP         |   0.000|
A<14>                  |    6.933(R)|      SLOW  |   -3.548(R)|      FAST  |clk_BUFGP         |   0.000|
A<15>                  |    7.085(R)|      SLOW  |   -3.438(R)|      FAST  |clk_BUFGP         |   0.000|
A<16>                  |    5.731(R)|      SLOW  |   -2.932(R)|      FAST  |clk_BUFGP         |   0.000|
A<17>                  |    5.966(R)|      SLOW  |   -3.284(R)|      FAST  |clk_BUFGP         |   0.000|
A<18>                  |    5.262(R)|      SLOW  |   -2.273(R)|      FAST  |clk_BUFGP         |   0.000|
A<19>                  |    5.342(R)|      SLOW  |   -2.011(R)|      FAST  |clk_BUFGP         |   0.000|
A<20>                  |    4.950(R)|      SLOW  |   -2.352(R)|      FAST  |clk_BUFGP         |   0.000|
A<21>                  |    4.560(R)|      SLOW  |   -2.439(R)|      FAST  |clk_BUFGP         |   0.000|
A<22>                  |    4.688(R)|      SLOW  |   -2.295(R)|      FAST  |clk_BUFGP         |   0.000|
A<23>                  |    5.760(R)|      SLOW  |   -2.264(R)|      FAST  |clk_BUFGP         |   0.000|
A<24>                  |    5.438(R)|      SLOW  |   -2.665(R)|      FAST  |clk_BUFGP         |   0.000|
A<25>                  |    4.190(R)|      SLOW  |   -2.304(R)|      FAST  |clk_BUFGP         |   0.000|
A<26>                  |    4.419(R)|      SLOW  |   -2.270(R)|      FAST  |clk_BUFGP         |   0.000|
A<27>                  |    5.080(R)|      SLOW  |   -2.171(R)|      FAST  |clk_BUFGP         |   0.000|
A<28>                  |    4.516(R)|      SLOW  |   -2.205(R)|      FAST  |clk_BUFGP         |   0.000|
A<29>                  |    5.379(R)|      SLOW  |   -2.061(R)|      FAST  |clk_BUFGP         |   0.000|
A<30>                  |    5.302(R)|      SLOW  |   -1.994(R)|      FAST  |clk_BUFGP         |   0.000|
A<31>                  |    4.999(R)|      SLOW  |   -2.061(R)|      FAST  |clk_BUFGP         |   0.000|
ALU_Sel<0>             |    3.929(R)|      SLOW  |   -2.603(R)|      FAST  |clk_BUFGP         |   0.000|
ALU_Sel<1>             |    3.858(R)|      SLOW  |   -2.582(R)|      FAST  |clk_BUFGP         |   0.000|
ALU_Sel<2>             |    3.946(R)|      SLOW  |   -2.574(R)|      FAST  |clk_BUFGP         |   0.000|
ALU_Sel<3>             |    3.603(R)|      SLOW  |   -2.372(R)|      FAST  |clk_BUFGP         |   0.000|
ALU_Sel<4>             |    2.887(R)|      SLOW  |   -1.858(R)|      FAST  |clk_BUFGP         |   0.000|
ALU_Sel<5>             |    2.855(R)|      SLOW  |   -1.869(R)|      FAST  |clk_BUFGP         |   0.000|
ALU_Sel<6>             |    2.655(R)|      SLOW  |   -1.688(R)|      FAST  |clk_BUFGP         |   0.000|
ALU_Sel<7>             |    2.600(R)|      SLOW  |   -1.659(R)|      FAST  |clk_BUFGP         |   0.000|
B<0>                   |    2.678(R)|      SLOW  |   -0.118(R)|      SLOW  |clk_BUFGP         |   0.000|
B<1>                   |    2.449(R)|      SLOW  |   -0.213(R)|      SLOW  |clk_BUFGP         |   0.000|
B<2>                   |    2.287(R)|      SLOW  |    0.057(R)|      SLOW  |clk_BUFGP         |   0.000|
B<3>                   |    2.536(R)|      SLOW  |    0.010(R)|      SLOW  |clk_BUFGP         |   0.000|
B<4>                   |    2.687(R)|      SLOW  |   -0.358(R)|      SLOW  |clk_BUFGP         |   0.000|
B<5>                   |    2.254(R)|      SLOW  |   -0.475(R)|      SLOW  |clk_BUFGP         |   0.000|
B<6>                   |    2.445(R)|      SLOW  |   -0.275(R)|      SLOW  |clk_BUFGP         |   0.000|
B<7>                   |    2.489(R)|      SLOW  |   -0.625(R)|      SLOW  |clk_BUFGP         |   0.000|
B<8>                   |    2.783(R)|      SLOW  |   -0.097(R)|      SLOW  |clk_BUFGP         |   0.000|
B<9>                   |    3.052(R)|      SLOW  |    0.067(R)|      SLOW  |clk_BUFGP         |   0.000|
B<10>                  |    4.910(R)|      SLOW  |    0.233(R)|      SLOW  |clk_BUFGP         |   0.000|
B<11>                  |    3.990(R)|      SLOW  |    0.003(R)|      SLOW  |clk_BUFGP         |   0.000|
B<12>                  |    4.479(R)|      SLOW  |    0.099(R)|      SLOW  |clk_BUFGP         |   0.000|
B<13>                  |    2.560(R)|      SLOW  |   -0.305(R)|      SLOW  |clk_BUFGP         |   0.000|
B<14>                  |    4.459(R)|      SLOW  |    0.422(R)|      SLOW  |clk_BUFGP         |   0.000|
B<15>                  |    4.553(R)|      SLOW  |    0.492(R)|      SLOW  |clk_BUFGP         |   0.000|
B<16>                  |    3.662(R)|      SLOW  |    0.319(R)|      SLOW  |clk_BUFGP         |   0.000|
B<17>                  |    3.358(R)|      SLOW  |    0.190(R)|      SLOW  |clk_BUFGP         |   0.000|
B<18>                  |    2.731(R)|      SLOW  |    0.021(R)|      SLOW  |clk_BUFGP         |   0.000|
B<19>                  |    3.209(R)|      SLOW  |    0.392(R)|      SLOW  |clk_BUFGP         |   0.000|
B<20>                  |    4.196(R)|      SLOW  |   -0.417(R)|      SLOW  |clk_BUFGP         |   0.000|
B<21>                  |    4.693(R)|      SLOW  |   -0.656(R)|      SLOW  |clk_BUFGP         |   0.000|
B<22>                  |    2.998(R)|      SLOW  |   -0.134(R)|      SLOW  |clk_BUFGP         |   0.000|
B<23>                  |    3.137(R)|      SLOW  |    0.471(R)|      SLOW  |clk_BUFGP         |   0.000|
B<24>                  |    3.515(R)|      SLOW  |    0.469(R)|      SLOW  |clk_BUFGP         |   0.000|
B<25>                  |    3.777(R)|      SLOW  |    0.066(R)|      SLOW  |clk_BUFGP         |   0.000|
B<26>                  |    5.250(R)|      SLOW  |   -1.134(R)|      SLOW  |clk_BUFGP         |   0.000|
B<27>                  |    4.651(R)|      SLOW  |   -0.982(R)|      SLOW  |clk_BUFGP         |   0.000|
B<28>                  |    4.399(R)|      SLOW  |   -0.820(R)|      SLOW  |clk_BUFGP         |   0.000|
B<29>                  |    4.579(R)|      SLOW  |   -1.043(R)|      SLOW  |clk_BUFGP         |   0.000|
B<30>                  |    3.526(R)|      SLOW  |    0.238(R)|      SLOW  |clk_BUFGP         |   0.000|
B<31>                  |    5.433(R)|      SLOW  |   -1.604(R)|      FAST  |clk_BUFGP         |   0.000|
DataIO<0>              |    6.408(R)|      SLOW  |   -4.113(R)|      FAST  |clk_BUFGP         |   0.000|
DataIO<1>              |    6.669(R)|      SLOW  |   -4.311(R)|      FAST  |clk_BUFGP         |   0.000|
DataIO<2>              |    7.166(R)|      SLOW  |   -4.782(R)|      FAST  |clk_BUFGP         |   0.000|
DataIO<3>              |    4.626(R)|      SLOW  |   -3.022(R)|      FAST  |clk_BUFGP         |   0.000|
DataIO<4>              |    5.900(R)|      SLOW  |   -3.753(R)|      FAST  |clk_BUFGP         |   0.000|
DataIO<5>              |    7.102(R)|      SLOW  |   -4.554(R)|      FAST  |clk_BUFGP         |   0.000|
DataIO<6>              |    5.332(R)|      SLOW  |   -3.393(R)|      FAST  |clk_BUFGP         |   0.000|
DataIO<7>              |    6.390(R)|      SLOW  |   -4.085(R)|      FAST  |clk_BUFGP         |   0.000|
DataIO<8>              |    5.507(R)|      SLOW  |   -3.657(R)|      FAST  |clk_BUFGP         |   0.000|
DataIO<9>              |    4.927(R)|      SLOW  |   -3.104(R)|      FAST  |clk_BUFGP         |   0.000|
DataIO<10>             |    5.994(R)|      SLOW  |   -3.991(R)|      FAST  |clk_BUFGP         |   0.000|
DataIO<11>             |    6.153(R)|      SLOW  |   -3.970(R)|      FAST  |clk_BUFGP         |   0.000|
DataIO<12>             |    4.589(R)|      SLOW  |   -2.924(R)|      FAST  |clk_BUFGP         |   0.000|
DataIO<13>             |    3.868(R)|      SLOW  |   -2.554(R)|      FAST  |clk_BUFGP         |   0.000|
DataIO<14>             |    3.959(R)|      SLOW  |   -2.646(R)|      FAST  |clk_BUFGP         |   0.000|
DataIO<15>             |    4.831(R)|      SLOW  |   -3.157(R)|      FAST  |clk_BUFGP         |   0.000|
DataIO<16>             |    3.760(R)|      SLOW  |   -2.478(R)|      FAST  |clk_BUFGP         |   0.000|
DataIO<17>             |    3.979(R)|      SLOW  |   -2.811(R)|      FAST  |clk_BUFGP         |   0.000|
DataIO<18>             |    4.027(R)|      SLOW  |   -2.676(R)|      FAST  |clk_BUFGP         |   0.000|
DataIO<19>             |    3.698(R)|      SLOW  |   -2.540(R)|      FAST  |clk_BUFGP         |   0.000|
DataIO<20>             |    2.686(R)|      SLOW  |   -1.814(R)|      FAST  |clk_BUFGP         |   0.000|
DataIO<21>             |    2.862(R)|      SLOW  |   -1.950(R)|      FAST  |clk_BUFGP         |   0.000|
DataIO<22>             |    3.279(R)|      SLOW  |   -2.132(R)|      FAST  |clk_BUFGP         |   0.000|
DataIO<23>             |    3.237(R)|      SLOW  |   -2.157(R)|      FAST  |clk_BUFGP         |   0.000|
DataIO<24>             |    3.536(R)|      SLOW  |   -2.324(R)|      FAST  |clk_BUFGP         |   0.000|
DataIO<25>             |    1.983(R)|      SLOW  |   -1.322(R)|      SLOW  |clk_BUFGP         |   0.000|
DataIO<26>             |    2.257(R)|      SLOW  |   -1.552(R)|      FAST  |clk_BUFGP         |   0.000|
DataIO<27>             |    1.811(R)|      SLOW  |   -1.158(R)|      SLOW  |clk_BUFGP         |   0.000|
DataIO<28>             |    1.680(R)|      SLOW  |   -1.033(R)|      SLOW  |clk_BUFGP         |   0.000|
DataIO<29>             |    1.515(R)|      SLOW  |   -0.877(R)|      SLOW  |clk_BUFGP         |   0.000|
DataIO<30>             |    1.884(R)|      SLOW  |   -1.248(R)|      SLOW  |clk_BUFGP         |   0.000|
DataIO<31>             |    1.671(R)|      SLOW  |   -1.027(R)|      SLOW  |clk_BUFGP         |   0.000|
DecoderData<0>         |    1.533(R)|      SLOW  |   -0.172(R)|      SLOW  |clk_BUFGP         |   0.000|
DecoderData<1>         |    1.757(R)|      SLOW  |   -0.595(R)|      SLOW  |clk_BUFGP         |   0.000|
DecoderData<2>         |    1.508(R)|      SLOW  |   -0.502(R)|      SLOW  |clk_BUFGP         |   0.000|
DecoderData<3>         |    1.558(R)|      SLOW  |   -0.596(R)|      SLOW  |clk_BUFGP         |   0.000|
DecoderData<4>         |    1.563(R)|      SLOW  |   -0.347(R)|      SLOW  |clk_BUFGP         |   0.000|
DecoderData<5>         |    2.076(R)|      SLOW  |   -0.828(R)|      SLOW  |clk_BUFGP         |   0.000|
DecoderData<6>         |    2.098(R)|      SLOW  |   -0.848(R)|      SLOW  |clk_BUFGP         |   0.000|
DecoderData<7>         |    1.878(R)|      SLOW  |   -0.985(R)|      SLOW  |clk_BUFGP         |   0.000|
DecoderData<8>         |    2.029(R)|      SLOW  |   -0.870(R)|      SLOW  |clk_BUFGP         |   0.000|
DecoderData<9>         |    1.549(R)|      SLOW  |   -0.673(R)|      SLOW  |clk_BUFGP         |   0.000|
DecoderData<10>        |    2.024(R)|      SLOW  |   -1.081(R)|      SLOW  |clk_BUFGP         |   0.000|
DecoderData<11>        |    2.343(R)|      SLOW  |   -1.332(R)|      FAST  |clk_BUFGP         |   0.000|
DecoderData<12>        |    2.756(R)|      SLOW  |   -1.624(R)|      FAST  |clk_BUFGP         |   0.000|
DecoderData<13>        |    2.771(R)|      SLOW  |   -1.305(R)|      FAST  |clk_BUFGP         |   0.000|
DecoderData<14>        |    2.385(R)|      SLOW  |   -1.344(R)|      FAST  |clk_BUFGP         |   0.000|
DecoderData<15>        |    2.765(R)|      SLOW  |   -1.617(R)|      FAST  |clk_BUFGP         |   0.000|
DecoderData<16>        |    3.443(R)|      SLOW  |   -1.336(R)|      FAST  |clk_BUFGP         |   0.000|
DecoderData<17>        |    3.677(R)|      SLOW  |   -1.796(R)|      FAST  |clk_BUFGP         |   0.000|
DecoderData<18>        |    3.604(R)|      SLOW  |   -1.825(R)|      FAST  |clk_BUFGP         |   0.000|
DecoderData<19>        |    4.052(R)|      SLOW  |   -2.324(R)|      FAST  |clk_BUFGP         |   0.000|
DecoderData<20>        |    3.865(R)|      SLOW  |   -1.863(R)|      FAST  |clk_BUFGP         |   0.000|
DecoderData<21>        |    3.824(R)|      SLOW  |   -2.040(R)|      FAST  |clk_BUFGP         |   0.000|
DecoderData<22>        |    3.420(R)|      SLOW  |   -1.980(R)|      FAST  |clk_BUFGP         |   0.000|
DecoderData<23>        |    3.996(R)|      SLOW  |   -2.164(R)|      FAST  |clk_BUFGP         |   0.000|
SPAddr<0>              |    5.152(R)|      SLOW  |   -3.367(R)|      FAST  |clk_BUFGP         |   0.000|
SPAddr<1>              |    4.465(R)|      SLOW  |   -2.920(R)|      FAST  |clk_BUFGP         |   0.000|
SPAddr<2>              |    4.028(R)|      SLOW  |   -2.591(R)|      FAST  |clk_BUFGP         |   0.000|
SPAddr<3>              |    3.908(R)|      SLOW  |   -2.675(R)|      FAST  |clk_BUFGP         |   0.000|
SPAddr<4>              |    3.585(R)|      SLOW  |   -2.372(R)|      FAST  |clk_BUFGP         |   0.000|
SPAddr<5>              |    3.704(R)|      SLOW  |   -2.459(R)|      FAST  |clk_BUFGP         |   0.000|
SPAddr<6>              |    3.624(R)|      SLOW  |   -2.370(R)|      FAST  |clk_BUFGP         |   0.000|
SPAddr<7>              |    3.340(R)|      SLOW  |   -2.196(R)|      FAST  |clk_BUFGP         |   0.000|
SPAddr<8>              |    3.794(R)|      SLOW  |   -2.453(R)|      FAST  |clk_BUFGP         |   0.000|
SPAddr<9>              |    3.618(R)|      SLOW  |   -2.389(R)|      FAST  |clk_BUFGP         |   0.000|
SPAddr<10>             |    3.864(R)|      SLOW  |   -2.533(R)|      FAST  |clk_BUFGP         |   0.000|
SPAddr<11>             |    3.766(R)|      SLOW  |   -2.464(R)|      FAST  |clk_BUFGP         |   0.000|
SPAddr<12>             |    4.325(R)|      SLOW  |   -2.839(R)|      FAST  |clk_BUFGP         |   0.000|
SPAddr<13>             |    4.422(R)|      SLOW  |   -2.887(R)|      FAST  |clk_BUFGP         |   0.000|
SPAddr<14>             |    3.809(R)|      SLOW  |   -2.472(R)|      FAST  |clk_BUFGP         |   0.000|
SPAddr<15>             |    3.881(R)|      SLOW  |   -2.517(R)|      FAST  |clk_BUFGP         |   0.000|
SPAddr<16>             |    3.846(R)|      SLOW  |   -2.466(R)|      FAST  |clk_BUFGP         |   0.000|
SPAddr<17>             |    3.995(R)|      SLOW  |   -2.591(R)|      FAST  |clk_BUFGP         |   0.000|
SPAddr<18>             |    3.143(R)|      SLOW  |   -1.998(R)|      FAST  |clk_BUFGP         |   0.000|
SPAddr<19>             |    3.081(R)|      SLOW  |   -1.962(R)|      FAST  |clk_BUFGP         |   0.000|
SPAddr<20>             |    3.344(R)|      SLOW  |   -2.207(R)|      FAST  |clk_BUFGP         |   0.000|
SPAddr<21>             |    3.247(R)|      SLOW  |   -2.127(R)|      FAST  |clk_BUFGP         |   0.000|
SPAddr<22>             |    3.575(R)|      SLOW  |   -2.336(R)|      FAST  |clk_BUFGP         |   0.000|
SPAddr<23>             |    3.043(R)|      SLOW  |   -1.981(R)|      FAST  |clk_BUFGP         |   0.000|
SPAddr<24>             |    3.780(R)|      SLOW  |   -2.472(R)|      FAST  |clk_BUFGP         |   0.000|
SPAddr<25>             |    3.745(R)|      SLOW  |   -2.427(R)|      FAST  |clk_BUFGP         |   0.000|
SPAddr<26>             |    3.808(R)|      SLOW  |   -2.533(R)|      FAST  |clk_BUFGP         |   0.000|
SPAddr<27>             |    3.432(R)|      SLOW  |   -2.281(R)|      FAST  |clk_BUFGP         |   0.000|
SPAddr<28>             |    3.129(R)|      SLOW  |   -2.018(R)|      FAST  |clk_BUFGP         |   0.000|
SPAddr<29>             |    3.235(R)|      SLOW  |   -2.113(R)|      FAST  |clk_BUFGP         |   0.000|
SPAddr<30>             |    3.196(R)|      SLOW  |   -2.084(R)|      FAST  |clk_BUFGP         |   0.000|
SPAddr<31>             |    3.377(R)|      SLOW  |   -2.205(R)|      FAST  |clk_BUFGP         |   0.000|
StatusRegisterVelues<0>|    5.030(R)|      SLOW  |   -3.240(R)|      FAST  |clk_BUFGP         |   0.000|
StatusRegisterVelues<1>|    5.376(R)|      SLOW  |   -3.456(R)|      FAST  |clk_BUFGP         |   0.000|
StatusRegisterVelues<2>|    5.239(R)|      SLOW  |   -3.333(R)|      FAST  |clk_BUFGP         |   0.000|
StatusRegisterVelues<3>|    5.326(R)|      SLOW  |   -3.359(R)|      FAST  |clk_BUFGP         |   0.000|
StatusRegisterVelues<4>|    4.484(R)|      SLOW  |   -2.946(R)|      FAST  |clk_BUFGP         |   0.000|
StatusRegisterVelues<5>|    4.868(R)|      SLOW  |   -3.306(R)|      FAST  |clk_BUFGP         |   0.000|
StatusRegisterVelues<6>|    4.474(R)|      SLOW  |   -2.901(R)|      FAST  |clk_BUFGP         |   0.000|
StatusRegisterVelues<7>|    4.255(R)|      SLOW  |   -2.782(R)|      FAST  |clk_BUFGP         |   0.000|
ValidMemData           |    6.549(R)|      SLOW  |   -4.183(R)|      FAST  |clk_BUFGP         |   0.000|
rst                    |   15.431(R)|      SLOW  |   -1.051(R)|      SLOW  |clk_BUFGP         |   0.000|
-----------------------+------------+------------+------------+------------+------------------+--------+

Clock clk to Pad
------------+-----------------+------------+-----------------+------------+------------------+--------+
            |Max (slowest) clk|  Process   |Min (fastest) clk|  Process   |                  | Clock  |
Destination |  (edge) to PAD  |   Corner   |  (edge) to PAD  |   Corner   |Internal Clock(s) | Phase  |
------------+-----------------+------------+-----------------+------------+------------------+--------+
ALUAddr<0>  |         8.957(R)|      SLOW  |         4.922(R)|      FAST  |clk_BUFGP         |   0.000|
ALUAddr<1>  |         9.220(R)|      SLOW  |         5.143(R)|      FAST  |clk_BUFGP         |   0.000|
ALUAddr<2>  |         9.043(R)|      SLOW  |         4.921(R)|      FAST  |clk_BUFGP         |   0.000|
ALUAddr<3>  |         8.925(R)|      SLOW  |         4.863(R)|      FAST  |clk_BUFGP         |   0.000|
ALUAddr<4>  |         9.379(R)|      SLOW  |         5.083(R)|      FAST  |clk_BUFGP         |   0.000|
ALUAddr<5>  |        10.215(R)|      SLOW  |         5.607(R)|      FAST  |clk_BUFGP         |   0.000|
ALUAddr<6>  |         8.839(R)|      SLOW  |         4.858(R)|      FAST  |clk_BUFGP         |   0.000|
ALUAddr<7>  |         9.319(R)|      SLOW  |         5.132(R)|      FAST  |clk_BUFGP         |   0.000|
ALUAddr<8>  |         9.131(R)|      SLOW  |         5.000(R)|      FAST  |clk_BUFGP         |   0.000|
ALUAddr<9>  |         9.776(R)|      SLOW  |         5.405(R)|      FAST  |clk_BUFGP         |   0.000|
ALUAddr<10> |         9.384(R)|      SLOW  |         5.151(R)|      FAST  |clk_BUFGP         |   0.000|
ALUAddr<11> |         9.219(R)|      SLOW  |         5.061(R)|      FAST  |clk_BUFGP         |   0.000|
ALUAddr<12> |         9.912(R)|      SLOW  |         5.485(R)|      FAST  |clk_BUFGP         |   0.000|
ALUAddr<13> |         9.978(R)|      SLOW  |         5.515(R)|      FAST  |clk_BUFGP         |   0.000|
ALUAddr<14> |         8.933(R)|      SLOW  |         4.891(R)|      FAST  |clk_BUFGP         |   0.000|
ALUAddr<15> |         8.806(R)|      SLOW  |         4.810(R)|      FAST  |clk_BUFGP         |   0.000|
ALUAddr<16> |         9.277(R)|      SLOW  |         5.084(R)|      FAST  |clk_BUFGP         |   0.000|
ALUAddr<17> |         9.291(R)|      SLOW  |         5.078(R)|      FAST  |clk_BUFGP         |   0.000|
ALUAddr<18> |         8.235(R)|      SLOW  |         4.445(R)|      FAST  |clk_BUFGP         |   0.000|
ALUAddr<19> |         8.932(R)|      SLOW  |         4.858(R)|      FAST  |clk_BUFGP         |   0.000|
ALUAddr<20> |         8.613(R)|      SLOW  |         4.666(R)|      FAST  |clk_BUFGP         |   0.000|
ALUAddr<21> |         9.515(R)|      SLOW  |         5.260(R)|      FAST  |clk_BUFGP         |   0.000|
ALUAddr<22> |         9.527(R)|      SLOW  |         5.243(R)|      FAST  |clk_BUFGP         |   0.000|
ALUAddr<23> |         9.639(R)|      SLOW  |         5.312(R)|      FAST  |clk_BUFGP         |   0.000|
ALUAddr<24> |         9.449(R)|      SLOW  |         5.189(R)|      FAST  |clk_BUFGP         |   0.000|
ALUAddr<25> |         9.626(R)|      SLOW  |         5.289(R)|      FAST  |clk_BUFGP         |   0.000|
ALUAddr<26> |         8.811(R)|      SLOW  |         4.751(R)|      FAST  |clk_BUFGP         |   0.000|
ALUAddr<27> |        10.355(R)|      SLOW  |         5.667(R)|      FAST  |clk_BUFGP         |   0.000|
ALUAddr<28> |        11.026(R)|      SLOW  |         6.063(R)|      FAST  |clk_BUFGP         |   0.000|
ALUAddr<29> |        10.489(R)|      SLOW  |         5.745(R)|      FAST  |clk_BUFGP         |   0.000|
ALUAddr<30> |        10.027(R)|      SLOW  |         5.422(R)|      FAST  |clk_BUFGP         |   0.000|
ALUAddr<31> |        10.354(R)|      SLOW  |         5.654(R)|      FAST  |clk_BUFGP         |   0.000|
DataIO<0>   |        10.287(R)|      SLOW  |         4.812(R)|      FAST  |clk_BUFGP         |   0.000|
DataIO<1>   |        11.411(R)|      SLOW  |         5.625(R)|      FAST  |clk_BUFGP         |   0.000|
DataIO<2>   |        11.045(R)|      SLOW  |         4.947(R)|      FAST  |clk_BUFGP         |   0.000|
DataIO<3>   |         8.997(R)|      SLOW  |         4.364(R)|      FAST  |clk_BUFGP         |   0.000|
DataIO<4>   |        10.277(R)|      SLOW  |         4.712(R)|      FAST  |clk_BUFGP         |   0.000|
DataIO<5>   |        11.401(R)|      SLOW  |         5.206(R)|      FAST  |clk_BUFGP         |   0.000|
DataIO<6>   |        10.110(R)|      SLOW  |         5.067(R)|      FAST  |clk_BUFGP         |   0.000|
DataIO<7>   |        11.056(R)|      SLOW  |         5.261(R)|      FAST  |clk_BUFGP         |   0.000|
DataIO<8>   |         9.367(R)|      SLOW  |         4.905(R)|      FAST  |clk_BUFGP         |   0.000|
DataIO<9>   |         9.367(R)|      SLOW  |         4.883(R)|      FAST  |clk_BUFGP         |   0.000|
DataIO<10>  |         8.637(R)|      SLOW  |         4.542(R)|      FAST  |clk_BUFGP         |   0.000|
DataIO<11>  |        10.109(R)|      SLOW  |         5.025(R)|      FAST  |clk_BUFGP         |   0.000|
DataIO<12>  |         9.731(R)|      SLOW  |         5.060(R)|      FAST  |clk_BUFGP         |   0.000|
DataIO<13>  |         9.008(R)|      SLOW  |         4.637(R)|      FAST  |clk_BUFGP         |   0.000|
DataIO<14>  |         8.645(R)|      SLOW  |         4.529(R)|      FAST  |clk_BUFGP         |   0.000|
DataIO<15>  |         9.730(R)|      SLOW  |         4.938(R)|      FAST  |clk_BUFGP         |   0.000|
DataIO<16>  |         8.375(R)|      SLOW  |         4.423(R)|      FAST  |clk_BUFGP         |   0.000|
DataIO<17>  |         8.562(R)|      SLOW  |         4.403(R)|      FAST  |clk_BUFGP         |   0.000|
DataIO<18>  |         8.415(R)|      SLOW  |         4.376(R)|      FAST  |clk_BUFGP         |   0.000|
DataIO<19>  |         8.415(R)|      SLOW  |         4.298(R)|      FAST  |clk_BUFGP         |   0.000|
DataIO<20>  |         8.803(R)|      SLOW  |         4.708(R)|      FAST  |clk_BUFGP         |   0.000|
DataIO<21>  |         8.855(R)|      SLOW  |         4.708(R)|      FAST  |clk_BUFGP         |   0.000|
DataIO<22>  |         9.155(R)|      SLOW  |         4.561(R)|      FAST  |clk_BUFGP         |   0.000|
DataIO<23>  |         9.155(R)|      SLOW  |         4.429(R)|      FAST  |clk_BUFGP         |   0.000|
DataIO<24>  |         9.327(R)|      SLOW  |         4.758(R)|      FAST  |clk_BUFGP         |   0.000|
DataIO<25>  |         9.327(R)|      SLOW  |         4.728(R)|      FAST  |clk_BUFGP         |   0.000|
DataIO<26>  |         9.497(R)|      SLOW  |         4.558(R)|      FAST  |clk_BUFGP         |   0.000|
DataIO<27>  |         9.886(R)|      SLOW  |         4.724(R)|      FAST  |clk_BUFGP         |   0.000|
DataIO<28>  |         9.886(R)|      SLOW  |         4.606(R)|      FAST  |clk_BUFGP         |   0.000|
DataIO<29>  |         9.897(R)|      SLOW  |         4.715(R)|      FAST  |clk_BUFGP         |   0.000|
DataIO<30>  |        10.436(R)|      SLOW  |         4.917(R)|      FAST  |clk_BUFGP         |   0.000|
DataIO<31>  |        10.436(R)|      SLOW  |         4.899(R)|      FAST  |clk_BUFGP         |   0.000|
InDecSP<0>  |        13.317(R)|      SLOW  |         7.581(R)|      FAST  |clk_BUFGP         |   0.000|
InDecSP<1>  |        13.287(R)|      SLOW  |         7.561(R)|      FAST  |clk_BUFGP         |   0.000|
MemIO<0>    |         8.764(R)|      SLOW  |         4.837(R)|      FAST  |clk_BUFGP         |   0.000|
MemIO<1>    |         8.983(R)|      SLOW  |         4.960(R)|      FAST  |clk_BUFGP         |   0.000|
MenagePC<0> |        12.560(R)|      SLOW  |         7.100(R)|      FAST  |clk_BUFGP         |   0.000|
MenagePC<1> |        12.504(R)|      SLOW  |         7.090(R)|      FAST  |clk_BUFGP         |   0.000|
MenagePC<2> |        12.519(R)|      SLOW  |         7.071(R)|      FAST  |clk_BUFGP         |   0.000|
PCSet<0>    |        10.282(R)|      SLOW  |         5.710(R)|      FAST  |clk_BUFGP         |   0.000|
PCSet<1>    |        10.108(R)|      SLOW  |         5.608(R)|      FAST  |clk_BUFGP         |   0.000|
PCSet<2>    |         9.939(R)|      SLOW  |         5.503(R)|      FAST  |clk_BUFGP         |   0.000|
PCSet<3>    |         9.931(R)|      SLOW  |         5.496(R)|      FAST  |clk_BUFGP         |   0.000|
PCSet<4>    |         9.871(R)|      SLOW  |         5.467(R)|      FAST  |clk_BUFGP         |   0.000|
PCSet<5>    |         8.808(R)|      SLOW  |         4.823(R)|      FAST  |clk_BUFGP         |   0.000|
PCSet<6>    |         8.787(R)|      SLOW  |         4.795(R)|      FAST  |clk_BUFGP         |   0.000|
PCSet<7>    |         8.738(R)|      SLOW  |         4.781(R)|      FAST  |clk_BUFGP         |   0.000|
PCSet<8>    |         8.677(R)|      SLOW  |         4.743(R)|      FAST  |clk_BUFGP         |   0.000|
PCSet<9>    |         9.053(R)|      SLOW  |         4.987(R)|      FAST  |clk_BUFGP         |   0.000|
PCSet<10>   |         8.591(R)|      SLOW  |         4.690(R)|      FAST  |clk_BUFGP         |   0.000|
PCSet<11>   |         8.459(R)|      SLOW  |         4.596(R)|      FAST  |clk_BUFGP         |   0.000|
PCSet<12>   |         9.217(R)|      SLOW  |         5.157(R)|      FAST  |clk_BUFGP         |   0.000|
PCSet<13>   |         9.185(R)|      SLOW  |         5.132(R)|      FAST  |clk_BUFGP         |   0.000|
PCSet<14>   |         8.830(R)|      SLOW  |         4.859(R)|      FAST  |clk_BUFGP         |   0.000|
PCSet<15>   |         8.921(R)|      SLOW  |         4.908(R)|      FAST  |clk_BUFGP         |   0.000|
PCSet<16>   |         8.678(R)|      SLOW  |         4.751(R)|      FAST  |clk_BUFGP         |   0.000|
PCSet<17>   |         9.438(R)|      SLOW  |         5.122(R)|      FAST  |clk_BUFGP         |   0.000|
PCSet<18>   |         8.775(R)|      SLOW  |         4.830(R)|      FAST  |clk_BUFGP         |   0.000|
PCSet<19>   |         8.748(R)|      SLOW  |         4.809(R)|      FAST  |clk_BUFGP         |   0.000|
PCSet<20>   |         9.200(R)|      SLOW  |         5.118(R)|      FAST  |clk_BUFGP         |   0.000|
PCSet<21>   |         9.009(R)|      SLOW  |         5.009(R)|      FAST  |clk_BUFGP         |   0.000|
PCSet<22>   |         8.434(R)|      SLOW  |         4.627(R)|      FAST  |clk_BUFGP         |   0.000|
PCSet<23>   |         8.376(R)|      SLOW  |         4.624(R)|      FAST  |clk_BUFGP         |   0.000|
PCSet<24>   |         8.630(R)|      SLOW  |         4.797(R)|      FAST  |clk_BUFGP         |   0.000|
PCSet<25>   |         8.527(R)|      SLOW  |         4.702(R)|      FAST  |clk_BUFGP         |   0.000|
PCSet<26>   |         8.555(R)|      SLOW  |         4.731(R)|      FAST  |clk_BUFGP         |   0.000|
PCSet<27>   |         8.577(R)|      SLOW  |         4.745(R)|      FAST  |clk_BUFGP         |   0.000|
PCSet<28>   |         8.815(R)|      SLOW  |         4.912(R)|      FAST  |clk_BUFGP         |   0.000|
PCSet<29>   |         8.774(R)|      SLOW  |         4.839(R)|      FAST  |clk_BUFGP         |   0.000|
PCSet<30>   |         8.626(R)|      SLOW  |         4.779(R)|      FAST  |clk_BUFGP         |   0.000|
PCSet<31>   |         8.428(R)|      SLOW  |         4.660(R)|      FAST  |clk_BUFGP         |   0.000|
SetAP<0>    |        12.746(R)|      SLOW  |         7.252(R)|      FAST  |clk_BUFGP         |   0.000|
SetAP<1>    |        12.732(R)|      SLOW  |         7.254(R)|      FAST  |clk_BUFGP         |   0.000|
SetAP<2>    |        12.388(R)|      SLOW  |         6.991(R)|      FAST  |clk_BUFGP         |   0.000|
SetAP<3>    |        12.391(R)|      SLOW  |         6.993(R)|      FAST  |clk_BUFGP         |   0.000|
SetSP<0>    |         7.989(R)|      SLOW  |         4.115(R)|      FAST  |clk_BUFGP         |   0.000|
SetSP<1>    |         9.110(R)|      SLOW  |         4.784(R)|      FAST  |clk_BUFGP         |   0.000|
SetSP<2>    |         9.088(R)|      SLOW  |         4.768(R)|      FAST  |clk_BUFGP         |   0.000|
SetSP<3>    |         9.257(R)|      SLOW  |         4.874(R)|      FAST  |clk_BUFGP         |   0.000|
SetSP<4>    |         8.908(R)|      SLOW  |         4.673(R)|      FAST  |clk_BUFGP         |   0.000|
SetSP<5>    |         9.228(R)|      SLOW  |         4.865(R)|      FAST  |clk_BUFGP         |   0.000|
SetSP<6>    |         9.233(R)|      SLOW  |         4.871(R)|      FAST  |clk_BUFGP         |   0.000|
SetSP<7>    |         9.128(R)|      SLOW  |         4.804(R)|      FAST  |clk_BUFGP         |   0.000|
SetSP<8>    |        11.457(R)|      SLOW  |         6.402(R)|      FAST  |clk_BUFGP         |   0.000|
SetSP<9>    |         9.969(R)|      SLOW  |         5.364(R)|      FAST  |clk_BUFGP         |   0.000|
SetSP<10>   |        10.074(R)|      SLOW  |         5.436(R)|      FAST  |clk_BUFGP         |   0.000|
SetSP<11>   |         8.617(R)|      SLOW  |         4.562(R)|      FAST  |clk_BUFGP         |   0.000|
SetSP<12>   |         7.994(R)|      SLOW  |         4.120(R)|      FAST  |clk_BUFGP         |   0.000|
SetSP<13>   |         7.994(R)|      SLOW  |         4.120(R)|      FAST  |clk_BUFGP         |   0.000|
SetSP<14>   |         8.111(R)|      SLOW  |         4.193(R)|      FAST  |clk_BUFGP         |   0.000|
SetSP<15>   |         7.950(R)|      SLOW  |         4.096(R)|      FAST  |clk_BUFGP         |   0.000|
SetSP<16>   |         8.152(R)|      SLOW  |         4.270(R)|      FAST  |clk_BUFGP         |   0.000|
SetSP<17>   |         8.132(R)|      SLOW  |         4.250(R)|      FAST  |clk_BUFGP         |   0.000|
SetSP<18>   |         8.248(R)|      SLOW  |         4.322(R)|      FAST  |clk_BUFGP         |   0.000|
SetSP<19>   |         8.088(R)|      SLOW  |         4.226(R)|      FAST  |clk_BUFGP         |   0.000|
SetSP<20>   |         7.921(R)|      SLOW  |         4.085(R)|      FAST  |clk_BUFGP         |   0.000|
SetSP<21>   |         8.093(R)|      SLOW  |         4.181(R)|      FAST  |clk_BUFGP         |   0.000|
SetSP<22>   |         7.761(R)|      SLOW  |         3.989(R)|      FAST  |clk_BUFGP         |   0.000|
SetSP<23>   |         7.701(R)|      SLOW  |         3.954(R)|      FAST  |clk_BUFGP         |   0.000|
SetSP<24>   |         7.956(R)|      SLOW  |         4.132(R)|      FAST  |clk_BUFGP         |   0.000|
SetSP<25>   |         7.867(R)|      SLOW  |         4.077(R)|      FAST  |clk_BUFGP         |   0.000|
SetSP<26>   |         7.696(R)|      SLOW  |         3.988(R)|      FAST  |clk_BUFGP         |   0.000|
SetSP<27>   |         7.818(R)|      SLOW  |         4.063(R)|      FAST  |clk_BUFGP         |   0.000|
SetSP<28>   |         8.116(R)|      SLOW  |         4.274(R)|      FAST  |clk_BUFGP         |   0.000|
SetSP<29>   |         7.940(R)|      SLOW  |         4.167(R)|      FAST  |clk_BUFGP         |   0.000|
SetSP<30>   |         7.782(R)|      SLOW  |         4.063(R)|      FAST  |clk_BUFGP         |   0.000|
SetSP<31>   |         7.722(R)|      SLOW  |         4.028(R)|      FAST  |clk_BUFGP         |   0.000|
SetSR<0>    |        12.432(R)|      SLOW  |         6.968(R)|      FAST  |clk_BUFGP         |   0.000|
SetSR<1>    |        12.272(R)|      SLOW  |         6.878(R)|      FAST  |clk_BUFGP         |   0.000|
SetSR<2>    |        12.943(R)|      SLOW  |         7.292(R)|      FAST  |clk_BUFGP         |   0.000|
SetSR<3>    |        11.653(R)|      SLOW  |         6.476(R)|      FAST  |clk_BUFGP         |   0.000|
SetSR<4>    |        11.722(R)|      SLOW  |         6.526(R)|      FAST  |clk_BUFGP         |   0.000|
SetSR<5>    |        11.758(R)|      SLOW  |         6.533(R)|      FAST  |clk_BUFGP         |   0.000|
SetSR<6>    |        13.160(R)|      SLOW  |         7.512(R)|      FAST  |clk_BUFGP         |   0.000|
SetSR<7>    |        13.515(R)|      SLOW  |         7.733(R)|      FAST  |clk_BUFGP         |   0.000|
------------+-----------------+------------+-----------------+------------+------------------+--------+

Clock to Setup on destination clock clk
---------------+---------+---------+---------+---------+
               | Src:Rise| Src:Fall| Src:Rise| Src:Fall|
Source Clock   |Dest:Rise|Dest:Rise|Dest:Fall|Dest:Fall|
---------------+---------+---------+---------+---------+
clk            |  100.137|         |         |         |
---------------+---------+---------+---------+---------+


Analysis completed Sun Jan 17 21:05:04 2021 
--------------------------------------------------------------------------------

Trace Settings:
-------------------------
Trace Settings 

Peak Memory Usage: 469 MB



