Release 14.7 - xst P.20131013 (nt64)
Copyright (c) 1995-2013 Xilinx, Inc.  All rights reserved.
--> Parameter TMPDIR set to xst/projnav.tmp


Total REAL time to Xst completion: 0.00 secs
Total CPU time to Xst completion: 0.07 secs
 
--> Parameter xsthdpdir set to xst


Total REAL time to Xst completion: 0.00 secs
Total CPU time to Xst completion: 0.07 secs
 
--> Reading design: MainCPU.prj

TABLE OF CONTENTS
  1) Synthesis Options Summary
  2) HDL Parsing
  3) HDL Elaboration
  4) HDL Synthesis
       4.1) HDL Synthesis Report
  5) Advanced HDL Synthesis
       5.1) Advanced HDL Synthesis Report
  6) Low Level Synthesis
  7) Partition Report
  8) Design Summary
       8.1) Primitive and Black Box Usage
       8.2) Device utilization summary
       8.3) Partition Resource Summary
       8.4) Timing Report
            8.4.1) Clock Information
            8.4.2) Asynchronous Control Signals Information
            8.4.3) Timing Summary
            8.4.4) Timing Details
            8.4.5) Cross Clock Domains Report


=========================================================================
*                      Synthesis Options Summary                        *
=========================================================================
---- Source Parameters
Input File Name                    : "MainCPU.prj"
Ignore Synthesis Constraint File   : NO

---- Target Parameters
Output File Name                   : "MainCPU"
Output Format                      : NGC
Target Device                      : xc6slx75-3-csg484

---- Source Options
Top Module Name                    : MainCPU
Automatic FSM Extraction           : YES
FSM Encoding Algorithm             : Auto
Safe Implementation                : No
FSM Style                          : LUT
RAM Extraction                     : Yes
RAM Style                          : Auto
ROM Extraction                     : Yes
Shift Register Extraction          : YES
ROM Style                          : Auto
Resource Sharing                   : YES
Asynchronous To Synchronous        : NO
Shift Register Minimum Size        : 2
Use DSP Block                      : Auto
Automatic Register Balancing       : No

---- Target Options
LUT Combining                      : Auto
Reduce Control Sets                : Auto
Add IO Buffers                     : YES
Global Maximum Fanout              : 100000
Add Generic Clock Buffer(BUFG)     : 16
Register Duplication               : YES
Optimize Instantiated Primitives   : NO
Use Clock Enable                   : Auto
Use Synchronous Set                : Auto
Use Synchronous Reset              : Auto
Pack IO Registers into IOBs        : Auto
Equivalent register Removal        : YES

---- General Options
Optimization Goal                  : Speed
Optimization Effort                : 1
Power Reduction                    : NO
Keep Hierarchy                     : No
Netlist Hierarchy                  : As_Optimized
RTL Output                         : Yes
Global Optimization                : AllClockNets
Read Cores                         : YES
Write Timing Constraints           : NO
Cross Clock Analysis               : NO
Hierarchy Separator                : /
Bus Delimiter                      : <>
Case Specifier                     : Maintain
Slice Utilization Ratio            : 100
BRAM Utilization Ratio             : 100
DSP48 Utilization Ratio            : 100
Auto BRAM Packing                  : NO
Slice Utilization Ratio Delta      : 5

=========================================================================


=========================================================================
*                          HDL Parsing                                  *
=========================================================================
Analyzing Verilog file "E:\Adam\GitHubLocallReopsitory\EngineerSoftCPU\APCPU\SR.v" into library work
Parsing module <SR>.
Analyzing Verilog file "E:\Adam\GitHubLocallReopsitory\EngineerSoftCPU\APCPU\SP.v" into library work
Parsing module <SP>.
Analyzing Verilog file "E:\Adam\GitHubLocallReopsitory\EngineerSoftCPU\APCPU\PC.v" into library work
Parsing module <PC>.
Analyzing Verilog file "E:\Adam\GitHubLocallReopsitory\EngineerSoftCPU\APCPU\MemoryController.v" into library work
Parsing module <MemoryController>.
Analyzing Verilog file "E:\Adam\GitHubLocallReopsitory\EngineerSoftCPU\APCPU\GPReg.v" into library work
Parsing module <GPReg>.
Analyzing Verilog file "E:\Adam\GitHubLocallReopsitory\EngineerSoftCPU\APCPU\Decoder.v" into library work
Parsing module <Decoder>.
Analyzing Verilog file "E:\Adam\GitHubLocallReopsitory\EngineerSoftCPU\APCPU\AP.v" into library work
Parsing module <AP>.
Analyzing Verilog file "E:\Adam\GitHubLocallReopsitory\EngineerSoftCPU\APCPU\ALU.v" into library work
Parsing module <ALU>.
Analyzing Verilog file "E:\Adam\GitHubLocallReopsitory\EngineerSoftCPU\APCPU\MainCPU.vf" into library work
Parsing module <MainCPU>.
Analyzing Verilog file "E:\Adam\GitHubLocallReopsitory\EngineerSoftCPU\APCPU\Main.vf" into library work
Parsing module <Main>.

=========================================================================
*                            HDL Elaboration                            *
=========================================================================

Elaborating module <MainCPU>.

Elaborating module <ALU>.
WARNING:HDLCompiler:413 - "E:\Adam\GitHubLocallReopsitory\EngineerSoftCPU\APCPU\ALU.v" Line 125: Result of 2-bit expression is truncated to fit in 1-bit target.
WARNING:HDLCompiler:413 - "E:\Adam\GitHubLocallReopsitory\EngineerSoftCPU\APCPU\ALU.v" Line 277: Result of 34-bit expression is truncated to fit in 33-bit target.
WARNING:HDLCompiler:413 - "E:\Adam\GitHubLocallReopsitory\EngineerSoftCPU\APCPU\ALU.v" Line 291: Result of 34-bit expression is truncated to fit in 33-bit target.
WARNING:HDLCompiler:413 - "E:\Adam\GitHubLocallReopsitory\EngineerSoftCPU\APCPU\ALU.v" Line 626: Result of 24-bit expression is truncated to fit in 4-bit target.
WARNING:HDLCompiler:413 - "E:\Adam\GitHubLocallReopsitory\EngineerSoftCPU\APCPU\ALU.v" Line 643: Result of 32-bit expression is truncated to fit in 8-bit target.
WARNING:HDLCompiler:413 - "E:\Adam\GitHubLocallReopsitory\EngineerSoftCPU\APCPU\ALU.v" Line 649: Result of 32-bit expression is truncated to fit in 8-bit target.

Elaborating module <AP>.
WARNING:HDLCompiler:413 - "E:\Adam\GitHubLocallReopsitory\EngineerSoftCPU\APCPU\AP.v" Line 37: Result of 4-bit expression is truncated to fit in 3-bit target.

Elaborating module <Decoder>.
WARNING:HDLCompiler:462 - "E:\Adam\GitHubLocallReopsitory\EngineerSoftCPU\APCPU\Decoder.v" Line 33: if-condition does not match any sensitivity list edge
WARNING:HDLCompiler:91 - "E:\Adam\GitHubLocallReopsitory\EngineerSoftCPU\APCPU\Decoder.v" Line 35: Signal <InstructionBus> missing in the sensitivity list is added for synthesis purposes. HDL and post-synthesis simulations may differ as a result.
WARNING:HDLCompiler:91 - "E:\Adam\GitHubLocallReopsitory\EngineerSoftCPU\APCPU\Decoder.v" Line 36: Signal <InstructionBus> missing in the sensitivity list is added for synthesis purposes. HDL and post-synthesis simulations may differ as a result.
WARNING:HDLCompiler:91 - "E:\Adam\GitHubLocallReopsitory\EngineerSoftCPU\APCPU\Decoder.v" Line 42: Signal <InstructionBus> missing in the sensitivity list is added for synthesis purposes. HDL and post-synthesis simulations may differ as a result.
WARNING:HDLCompiler:91 - "E:\Adam\GitHubLocallReopsitory\EngineerSoftCPU\APCPU\Decoder.v" Line 43: Signal <APSelBus> missing in the sensitivity list is added for synthesis purposes. HDL and post-synthesis simulations may differ as a result.
WARNING:HDLCompiler:91 - "E:\Adam\GitHubLocallReopsitory\EngineerSoftCPU\APCPU\Decoder.v" Line 44: Signal <APSelBus> missing in the sensitivity list is added for synthesis purposes. HDL and post-synthesis simulations may differ as a result.
WARNING:HDLCompiler:91 - "E:\Adam\GitHubLocallReopsitory\EngineerSoftCPU\APCPU\Decoder.v" Line 48: Signal <InstructionBus> missing in the sensitivity list is added for synthesis purposes. HDL and post-synthesis simulations may differ as a result.
WARNING:HDLCompiler:91 - "E:\Adam\GitHubLocallReopsitory\EngineerSoftCPU\APCPU\Decoder.v" Line 49: Signal <InstructionBus> missing in the sensitivity list is added for synthesis purposes. HDL and post-synthesis simulations may differ as a result.
WARNING:HDLCompiler:91 - "E:\Adam\GitHubLocallReopsitory\EngineerSoftCPU\APCPU\Decoder.v" Line 50: Signal <InstructionBus> missing in the sensitivity list is added for synthesis purposes. HDL and post-synthesis simulations may differ as a result.
WARNING:HDLCompiler:91 - "E:\Adam\GitHubLocallReopsitory\EngineerSoftCPU\APCPU\Decoder.v" Line 54: Signal <InstructionBus> missing in the sensitivity list is added for synthesis purposes. HDL and post-synthesis simulations may differ as a result.
WARNING:HDLCompiler:91 - "E:\Adam\GitHubLocallReopsitory\EngineerSoftCPU\APCPU\Decoder.v" Line 55: Signal <InstructionBus> missing in the sensitivity list is added for synthesis purposes. HDL and post-synthesis simulations may differ as a result.
WARNING:HDLCompiler:91 - "E:\Adam\GitHubLocallReopsitory\EngineerSoftCPU\APCPU\Decoder.v" Line 59: Signal <InstructionBus> missing in the sensitivity list is added for synthesis purposes. HDL and post-synthesis simulations may differ as a result.
WARNING:HDLCompiler:91 - "E:\Adam\GitHubLocallReopsitory\EngineerSoftCPU\APCPU\Decoder.v" Line 60: Signal <InstructionBus> missing in the sensitivity list is added for synthesis purposes. HDL and post-synthesis simulations may differ as a result.
WARNING:HDLCompiler:91 - "E:\Adam\GitHubLocallReopsitory\EngineerSoftCPU\APCPU\Decoder.v" Line 61: Signal <InstructionBus> missing in the sensitivity list is added for synthesis purposes. HDL and post-synthesis simulations may differ as a result.
WARNING:HDLCompiler:91 - "E:\Adam\GitHubLocallReopsitory\EngineerSoftCPU\APCPU\Decoder.v" Line 65: Signal <InstructionBus> missing in the sensitivity list is added for synthesis purposes. HDL and post-synthesis simulations may differ as a result.
WARNING:HDLCompiler:91 - "E:\Adam\GitHubLocallReopsitory\EngineerSoftCPU\APCPU\Decoder.v" Line 69: Signal <InstructionBus> missing in the sensitivity list is added for synthesis purposes. HDL and post-synthesis simulations may differ as a result.
WARNING:HDLCompiler:91 - "E:\Adam\GitHubLocallReopsitory\EngineerSoftCPU\APCPU\Decoder.v" Line 73: Signal <InstructionBus> missing in the sensitivity list is added for synthesis purposes. HDL and post-synthesis simulations may differ as a result.
WARNING:HDLCompiler:91 - "E:\Adam\GitHubLocallReopsitory\EngineerSoftCPU\APCPU\Decoder.v" Line 74: Signal <InstructionBus> missing in the sensitivity list is added for synthesis purposes. HDL and post-synthesis simulations may differ as a result.
ERROR:HDLCompiler:1128 - "E:\Adam\GitHubLocallReopsitory\EngineerSoftCPU\APCPU\Decoder.v" Line 80: Assignment under multiple single edges is not supported for synthesis
INFO - You can change the severity of this error message to warning using switch -change_error_to_warning "HDLCompiler:1128"
Module Decoder remains a blackbox, due to errors in its contents
WARNING:HDLCompiler:1499 - "E:\Adam\GitHubLocallReopsitory\EngineerSoftCPU\APCPU\Decoder.v" Line 21: Empty module <Decoder> remains a black box.

Elaborating module <GPReg>.
WARNING:HDLCompiler:462 - "E:\Adam\GitHubLocallReopsitory\EngineerSoftCPU\APCPU\GPReg.v" Line 36: if-condition does not match any sensitivity list edge
WARNING:HDLCompiler:91 - "E:\Adam\GitHubLocallReopsitory\EngineerSoftCPU\APCPU\GPReg.v" Line 38: Signal <Accumulator> missing in the sensitivity list is added for synthesis purposes. HDL and post-synthesis simulations may differ as a result.
WARNING:HDLCompiler:91 - "E:\Adam\GitHubLocallReopsitory\EngineerSoftCPU\APCPU\GPReg.v" Line 39: Signal <Accumulator> missing in the sensitivity list is added for synthesis purposes. HDL and post-synthesis simulations may differ as a result.
WARNING:HDLCompiler:91 - "E:\Adam\GitHubLocallReopsitory\EngineerSoftCPU\APCPU\GPReg.v" Line 40: Signal <MemInstruction> missing in the sensitivity list is added for synthesis purposes. HDL and post-synthesis simulations may differ as a result.
WARNING:HDLCompiler:91 - "E:\Adam\GitHubLocallReopsitory\EngineerSoftCPU\APCPU\GPReg.v" Line 42: Signal <MemData> missing in the sensitivity list is added for synthesis purposes. HDL and post-synthesis simulations may differ as a result.
ERROR:HDLCompiler:1128 - "E:\Adam\GitHubLocallReopsitory\EngineerSoftCPU\APCPU\GPReg.v" Line 47: Assignment under multiple single edges is not supported for synthesis
INFO - You can change the severity of this error message to warning using switch -change_error_to_warning "HDLCompiler:1128"
Module GPReg remains a blackbox, due to errors in its contents
WARNING:HDLCompiler:1499 - "E:\Adam\GitHubLocallReopsitory\EngineerSoftCPU\APCPU\GPReg.v" Line 21: Empty module <GPReg> remains a black box.

Elaborating module <SP>.
WARNING:HDLCompiler:462 - "E:\Adam\GitHubLocallReopsitory\EngineerSoftCPU\APCPU\SP.v" Line 30: if-condition does not match any sensitivity list edge
WARNING:HDLCompiler:91 - "E:\Adam\GitHubLocallReopsitory\EngineerSoftCPU\APCPU\SP.v" Line 32: Signal <SPDrive> missing in the sensitivity list is added for synthesis purposes. HDL and post-synthesis simulations may differ as a result.
WARNING:HDLCompiler:91 - "E:\Adam\GitHubLocallReopsitory\EngineerSoftCPU\APCPU\SP.v" Line 34: Signal <SPOutput> missing in the sensitivity list is added for synthesis purposes. HDL and post-synthesis simulations may differ as a result.
WARNING:HDLCompiler:91 - "E:\Adam\GitHubLocallReopsitory\EngineerSoftCPU\APCPU\SP.v" Line 36: Signal <SPDrive> missing in the sensitivity list is added for synthesis purposes. HDL and post-synthesis simulations may differ as a result.
WARNING:HDLCompiler:91 - "E:\Adam\GitHubLocallReopsitory\EngineerSoftCPU\APCPU\SP.v" Line 38: Signal <SPOutput> missing in the sensitivity list is added for synthesis purposes. HDL and post-synthesis simulations may differ as a result.
WARNING:HDLCompiler:91 - "E:\Adam\GitHubLocallReopsitory\EngineerSoftCPU\APCPU\SP.v" Line 40: Signal <SPDrive> missing in the sensitivity list is added for synthesis purposes. HDL and post-synthesis simulations may differ as a result.
WARNING:HDLCompiler:91 - "E:\Adam\GitHubLocallReopsitory\EngineerSoftCPU\APCPU\SP.v" Line 42: Signal <SPSet> missing in the sensitivity list is added for synthesis purposes. HDL and post-synthesis simulations may differ as a result.
ERROR:HDLCompiler:1128 - "E:\Adam\GitHubLocallReopsitory\EngineerSoftCPU\APCPU\SP.v" Line 47: Assignment under multiple single edges is not supported for synthesis
INFO - You can change the severity of this error message to warning using switch -change_error_to_warning "HDLCompiler:1128"
Module SP remains a blackbox, due to errors in its contents
WARNING:HDLCompiler:1499 - "E:\Adam\GitHubLocallReopsitory\EngineerSoftCPU\APCPU\SP.v" Line 21: Empty module <SP> remains a black box.

Elaborating module <SR>.
WARNING:HDLCompiler:462 - "E:\Adam\GitHubLocallReopsitory\EngineerSoftCPU\APCPU\SR.v" Line 29: if-condition does not match any sensitivity list edge
WARNING:HDLCompiler:91 - "E:\Adam\GitHubLocallReopsitory\EngineerSoftCPU\APCPU\SR.v" Line 31: Signal <SRSet> missing in the sensitivity list is added for synthesis purposes. HDL and post-synthesis simulations may differ as a result.
ERROR:HDLCompiler:1128 - "E:\Adam\GitHubLocallReopsitory\EngineerSoftCPU\APCPU\SR.v" Line 35: Assignment under multiple single edges is not supported for synthesis
INFO - You can change the severity of this error message to warning using switch -change_error_to_warning "HDLCompiler:1128"
Module SR remains a blackbox, due to errors in its contents
WARNING:HDLCompiler:1499 - "E:\Adam\GitHubLocallReopsitory\EngineerSoftCPU\APCPU\SR.v" Line 21: Empty module <SR> remains a black box.

Elaborating module <PC>.

Elaborating module <MemoryController>.
WARNING:HDLCompiler:634 - "E:\Adam\GitHubLocallReopsitory\EngineerSoftCPU\APCPU\MainCPU.vf" Line 65: Net <XLXN_12[2]> does not have a driver.
--> 

Total memory usage is 222300 kilobytes

Number of errors   :    4 (   0 filtered)
Number of warnings :   44 (   0 filtered)
Number of infos    :    0 (   0 filtered)

